// Jest Snapshot v1, https://goo.gl/fbAQLP

exports[`Bids.vue has same html structure 1`] = `
<div class="comp_container">
  <h2 class="h2s">Preview your bids.</h2>
  <div name="flip" mode="out-in" class="VueTables VueTables--client">
    <div class="row">
      <div class="col-md-12">
        <div class="form-group form-inline pull-left VueTables__search"></div>
        <div class="form-group form-inline pull-right VueTables__limit"></div>
        <div class="VueTables__pagination-wrapper">
          <div class="form-group form-inline pull-right VueTables__dropdown-pagination" style="display:none;">
            <label for="VueTables__dropdown-pagination_mgF9U">Page:</label>
            <select name="page" id="VueTables__dropdown-pagination_mgF9U" value="1" class="form-control dropdown-pagination" style="display:none;"></select>
          </div>
        </div>
      </div>
    </div>
    <div class="table-responsive">
      <table class="VueTables__table table table-striped table-bordered table-hover">
        <thead>
          <tr>
            <th><span title="" class="VueTables__heading">Pentester</span></th>
            <th class="VueTables__sortable cursorable"><span title="" class="VueTables__heading">Rating</span><span class="VueTables__sort-icon pull-right glyphicon glyphicon-sort "></span></th>
            <th><span title="" class="VueTables__heading">Preview</span></th>
          </tr>
          <tr class="VueTables__filters-row">
            <th>
              <div class="VueTables__pentester-filter-wrapper">
                <input name="vf__pentester" type="text" placeholder="Filter by Pentester" value="" class="form-control">
              </div>
            </th>
            <th class="cursorable">
              <div class="VueTables__rating-filter-wrapper">
                <input name="vf__rating" type="text" placeholder="Filter by Rating" value="" class="form-control">
              </div>
            </th>
            <th>
              <div class="VueTables__preview-filter-wrapper"></div>
            </th>
          </tr>
        </thead>
        <tbody>
          <tr>
            <td>Ullamco</td>
            <td class="cursorable">9.2</td>
            <td>
              <a class="cursorable">
                <svg version="1.1" role="presentation" width="16" height="14.222222222222221" viewBox="0 0 576 512" id="eye_ico" class="fa-icon">
                  <path d="M569.4 231.6C513 135.9 407.8 72 288 72 168.1 72 63 136 6.6 231.6A48-48 0 0 1 6.6 280.4C63 376.1 168.2 440 288 440 407.9 440 513 376 569.4 280.4A48-48 0 0 1 569.4 231.6zM288 392C212.8 392 152 331.2 152 256 152 180.8 212.8 120 288 120 363.2 120 424 180.8 424 256 424 331.2 363.2 392 288 392zM392 256C392 313.4 345.4 360 288 360S184 313.4 184 256C184 238.3 188.4 221.6 196.2 207L196.2 207.1C196.2 230.7 215.4 249.9 239.1 249.9S281.9 230.7 281.9 207.1C281.9 183.4 262.7 164.2 239.1 164.2L239 164.2C253.6 156.4 270.3 152 288 152 345.4 152 392 198.6 392 256z"></path>
                  <!---->
                </svg>
              </a>
            </td>
          </tr>
          <!---->
          <tr>
            <td>Officia</td>
            <td class="cursorable">9.2</td>
            <td>
              <a class="cursorable">
                <svg version="1.1" role="presentation" width="16" height="14.222222222222221" viewBox="0 0 576 512" id="eye_ico" class="fa-icon">
                  <path d="M569.4 231.6C513 135.9 407.8 72 288 72 168.1 72 63 136 6.6 231.6A48-48 0 0 1 6.6 280.4C63 376.1 168.2 440 288 440 407.9 440 513 376 569.4 280.4A48-48 0 0 1 569.4 231.6zM288 392C212.8 392 152 331.2 152 256 152 180.8 212.8 120 288 120 363.2 120 424 180.8 424 256 424 331.2 363.2 392 288 392zM392 256C392 313.4 345.4 360 288 360S184 313.4 184 256C184 238.3 188.4 221.6 196.2 207L196.2 207.1C196.2 230.7 215.4 249.9 239.1 249.9S281.9 230.7 281.9 207.1C281.9 183.4 262.7 164.2 239.1 164.2L239 164.2C253.6 156.4 270.3 152 288 152 345.4 152 392 198.6 392 256z"></path>
                  <!---->
                </svg>
              </a>
            </td>
          </tr>
          <!---->
          <tr>
            <td>Mollit</td>
            <td class="cursorable">9.1</td>
            <td>
              <a class="cursorable">
                <svg version="1.1" role="presentation" width="16" height="14.222222222222221" viewBox="0 0 576 512" id="eye_ico" class="fa-icon">
                  <path d="M569.4 231.6C513 135.9 407.8 72 288 72 168.1 72 63 136 6.6 231.6A48-48 0 0 1 6.6 280.4C63 376.1 168.2 440 288 440 407.9 440 513 376 569.4 280.4A48-48 0 0 1 569.4 231.6zM288 392C212.8 392 152 331.2 152 256 152 180.8 212.8 120 288 120 363.2 120 424 180.8 424 256 424 331.2 363.2 392 288 392zM392 256C392 313.4 345.4 360 288 360S184 313.4 184 256C184 238.3 188.4 221.6 196.2 207L196.2 207.1C196.2 230.7 215.4 249.9 239.1 249.9S281.9 230.7 281.9 207.1C281.9 183.4 262.7 164.2 239.1 164.2L239 164.2C253.6 156.4 270.3 152 288 152 345.4 152 392 198.6 392 256z"></path>
                  <!---->
                </svg>
              </a>
            </td>
          </tr>
          <!---->
          <tr>
            <td>Excepteur</td>
            <td class="cursorable">8.1</td>
            <td>
              <a class="cursorable">
                <svg version="1.1" role="presentation" width="16" height="14.222222222222221" viewBox="0 0 576 512" id="eye_ico" class="fa-icon">
                  <path d="M569.4 231.6C513 135.9 407.8 72 288 72 168.1 72 63 136 6.6 231.6A48-48 0 0 1 6.6 280.4C63 376.1 168.2 440 288 440 407.9 440 513 376 569.4 280.4A48-48 0 0 1 569.4 231.6zM288 392C212.8 392 152 331.2 152 256 152 180.8 212.8 120 288 120 363.2 120 424 180.8 424 256 424 331.2 363.2 392 288 392zM392 256C392 313.4 345.4 360 288 360S184 313.4 184 256C184 238.3 188.4 221.6 196.2 207L196.2 207.1C196.2 230.7 215.4 249.9 239.1 249.9S281.9 230.7 281.9 207.1C281.9 183.4 262.7 164.2 239.1 164.2L239 164.2C253.6 156.4 270.3 152 288 152 345.4 152 392 198.6 392 256z"></path>
                  <!---->
                </svg>
              </a>
            </td>
          </tr>
          <!---->
        </tbody>
      </table>
    </div>
    <div class="VuePagination">
      <p class="VuePagination__count">4 records</p>
    </div>
  </div>
  <!---->
</div>
`;
