// Jest Snapshot v1, https://goo.gl/fbAQLP

exports[`Bids.vue has same html structure 1`] = `
<div class="comp_container">
  <h2 class="h2s">Preview your scans.</h2>
  <div class="VueTables VueTables--client">
    <div class="row">
      <div class="col-md-12">
        <div class="form-group form-inline pull-left VueTables__search"></div>
        <div class="form-group form-inline pull-right VueTables__limit"></div>
        <div class="VueTables__pagination-wrapper">
          <div class="form-group form-inline pull-right VueTables__dropdown-pagination" style="display:none;">
            <label for="VueTables__dropdown-pagination_qH0TW">Page:</label>
            <select name="page" id="VueTables__dropdown-pagination_qH0TW" value="1" class="form-control dropdown-pagination" style="display:none;"></select>
          </div>
        </div>
      </div>
    </div>
    <div class="table-responsive">
      <table class="VueTables__table table table-striped table-bordered table-hover">
        <thead>
          <tr>
            <th class="VueTables__sortable cursorable"><span title="" class="VueTables__heading">Date</span><span class="VueTables__sort-icon pull-right glyphicon glyphicon-sort "></span></th>
            <th><span title="" class="VueTables__heading">Scan</span></th>
            <th><span title="" class="VueTables__heading">Download</span></th>
          </tr>
          <tr class="VueTables__filters-row">
            <th class="cursorable">
              <div class="VueTables__date-filter-wrapper"></div>
            </th>
            <th>
              <div class="VueTables__scan-filter-wrapper">
                <input name="vf__scan" type="text" placeholder="Filter by Scan" value="" class="form-control">
              </div>
            </th>
            <th>
              <div class="VueTables__download-filter-wrapper"></div>
            </th>
          </tr>
        </thead>
        <tbody>
          <tr>
            <td class="cursorable">30.05.2018</td>
            <td>Laborum</td>
            <td>
              <a href="/down/1.pdf">
                <svg version="1.1" role="presentation" width="16" height="16" viewBox="0 0 512 512" class="fa-icon">
                  <path d="M216 0H296C309.3 0 320 10.7 320 24V192H407.7C425.5 192 434.4 213.5 421.8 226.1L269.7 378.3C262.2 385.8 249.9 385.8 242.4 378.3L90.1 226.1C77.5 213.5 86.4 192 104.2 192H192V24C192 10.7 202.7 0 216 0zM512 376V488C512 501.3 501.3 512 488 512H24C10.7 512 0 501.3 0 488V376C0 362.7 10.7 352 24 352H170.7L219.7 401C239.8 421.1 272.2 421.1 292.3 401L341.3 352H488C501.3 352 512 362.7 512 376zM388 464C388 453 379 444 368 444S348 453 348 464 357 484 368 484 388 475 388 464zM452 464C452 453 443 444 432 444S412 453 412 464 421 484 432 484 452 475 452 464z"></path>
                  <!---->
                </svg>
              </a>
            </td>
          </tr>
          <!---->
          <tr>
            <td class="cursorable">30.05.2018</td>
            <td>Laborum</td>
            <td>
              <a href="/down/1.pdf">
                <svg version="1.1" role="presentation" width="16" height="16" viewBox="0 0 512 512" class="fa-icon">
                  <path d="M216 0H296C309.3 0 320 10.7 320 24V192H407.7C425.5 192 434.4 213.5 421.8 226.1L269.7 378.3C262.2 385.8 249.9 385.8 242.4 378.3L90.1 226.1C77.5 213.5 86.4 192 104.2 192H192V24C192 10.7 202.7 0 216 0zM512 376V488C512 501.3 501.3 512 488 512H24C10.7 512 0 501.3 0 488V376C0 362.7 10.7 352 24 352H170.7L219.7 401C239.8 421.1 272.2 421.1 292.3 401L341.3 352H488C501.3 352 512 362.7 512 376zM388 464C388 453 379 444 368 444S348 453 348 464 357 484 368 484 388 475 388 464zM452 464C452 453 443 444 432 444S412 453 412 464 421 484 432 484 452 475 452 464z"></path>
                  <!---->
                </svg>
              </a>
            </td>
          </tr>
          <!---->
          <tr>
            <td class="cursorable">30.05.2018</td>
            <td>Qui</td>
            <td>
              <a href="/down/1.pdf">
                <svg version="1.1" role="presentation" width="16" height="16" viewBox="0 0 512 512" class="fa-icon">
                  <path d="M216 0H296C309.3 0 320 10.7 320 24V192H407.7C425.5 192 434.4 213.5 421.8 226.1L269.7 378.3C262.2 385.8 249.9 385.8 242.4 378.3L90.1 226.1C77.5 213.5 86.4 192 104.2 192H192V24C192 10.7 202.7 0 216 0zM512 376V488C512 501.3 501.3 512 488 512H24C10.7 512 0 501.3 0 488V376C0 362.7 10.7 352 24 352H170.7L219.7 401C239.8 421.1 272.2 421.1 292.3 401L341.3 352H488C501.3 352 512 362.7 512 376zM388 464C388 453 379 444 368 444S348 453 348 464 357 484 368 484 388 475 388 464zM452 464C452 453 443 444 432 444S412 453 412 464 421 484 432 484 452 475 452 464z"></path>
                  <!---->
                </svg>
              </a>
            </td>
          </tr>
          <!---->
          <tr>
            <td class="cursorable">30.05.2018</td>
            <td>Cillum</td>
            <td>
              <a href="/down/1.pdf">
                <svg version="1.1" role="presentation" width="16" height="16" viewBox="0 0 512 512" class="fa-icon">
                  <path d="M216 0H296C309.3 0 320 10.7 320 24V192H407.7C425.5 192 434.4 213.5 421.8 226.1L269.7 378.3C262.2 385.8 249.9 385.8 242.4 378.3L90.1 226.1C77.5 213.5 86.4 192 104.2 192H192V24C192 10.7 202.7 0 216 0zM512 376V488C512 501.3 501.3 512 488 512H24C10.7 512 0 501.3 0 488V376C0 362.7 10.7 352 24 352H170.7L219.7 401C239.8 421.1 272.2 421.1 292.3 401L341.3 352H488C501.3 352 512 362.7 512 376zM388 464C388 453 379 444 368 444S348 453 348 464 357 484 368 484 388 475 388 464zM452 464C452 453 443 444 432 444S412 453 412 464 421 484 432 484 452 475 452 464z"></path>
                  <!---->
                </svg>
              </a>
            </td>
          </tr>
          <!---->
          <tr>
            <td class="cursorable">30.05.2018</td>
            <td>Fugiat</td>
            <td>
              <a href="/down/1.pdf">
                <svg version="1.1" role="presentation" width="16" height="16" viewBox="0 0 512 512" class="fa-icon">
                  <path d="M216 0H296C309.3 0 320 10.7 320 24V192H407.7C425.5 192 434.4 213.5 421.8 226.1L269.7 378.3C262.2 385.8 249.9 385.8 242.4 378.3L90.1 226.1C77.5 213.5 86.4 192 104.2 192H192V24C192 10.7 202.7 0 216 0zM512 376V488C512 501.3 501.3 512 488 512H24C10.7 512 0 501.3 0 488V376C0 362.7 10.7 352 24 352H170.7L219.7 401C239.8 421.1 272.2 421.1 292.3 401L341.3 352H488C501.3 352 512 362.7 512 376zM388 464C388 453 379 444 368 444S348 453 348 464 357 484 368 484 388 475 388 464zM452 464C452 453 443 444 432 444S412 453 412 464 421 484 432 484 452 475 452 464z"></path>
                  <!---->
                </svg>
              </a>
            </td>
          </tr>
          <!---->
          <tr>
            <td class="cursorable">03.12.2018</td>
            <td>Lorem</td>
            <td>
              <a href="/down/1.pdf">
                <svg version="1.1" role="presentation" width="16" height="16" viewBox="0 0 512 512" class="fa-icon">
                  <path d="M216 0H296C309.3 0 320 10.7 320 24V192H407.7C425.5 192 434.4 213.5 421.8 226.1L269.7 378.3C262.2 385.8 249.9 385.8 242.4 378.3L90.1 226.1C77.5 213.5 86.4 192 104.2 192H192V24C192 10.7 202.7 0 216 0zM512 376V488C512 501.3 501.3 512 488 512H24C10.7 512 0 501.3 0 488V376C0 362.7 10.7 352 24 352H170.7L219.7 401C239.8 421.1 272.2 421.1 292.3 401L341.3 352H488C501.3 352 512 362.7 512 376zM388 464C388 453 379 444 368 444S348 453 348 464 357 484 368 484 388 475 388 464zM452 464C452 453 443 444 432 444S412 453 412 464 421 484 432 484 452 475 452 464z"></path>
                  <!---->
                </svg>
              </a>
            </td>
          </tr>
          <!---->
          <tr>
            <td class="cursorable">04.12.2018</td>
            <td>Pariatur</td>
            <td>
              <a href="/down/1.pdf">
                <svg version="1.1" role="presentation" width="16" height="16" viewBox="0 0 512 512" class="fa-icon">
                  <path d="M216 0H296C309.3 0 320 10.7 320 24V192H407.7C425.5 192 434.4 213.5 421.8 226.1L269.7 378.3C262.2 385.8 249.9 385.8 242.4 378.3L90.1 226.1C77.5 213.5 86.4 192 104.2 192H192V24C192 10.7 202.7 0 216 0zM512 376V488C512 501.3 501.3 512 488 512H24C10.7 512 0 501.3 0 488V376C0 362.7 10.7 352 24 352H170.7L219.7 401C239.8 421.1 272.2 421.1 292.3 401L341.3 352H488C501.3 352 512 362.7 512 376zM388 464C388 453 379 444 368 444S348 453 348 464 357 484 368 484 388 475 388 464zM452 464C452 453 443 444 432 444S412 453 412 464 421 484 432 484 452 475 452 464z"></path>
                  <!---->
                </svg>
              </a>
            </td>
          </tr>
          <!---->
          <tr>
            <td class="cursorable">05.12.2018</td>
            <td>Irure</td>
            <td>
              <a href="/down/1.pdf">
                <svg version="1.1" role="presentation" width="16" height="16" viewBox="0 0 512 512" class="fa-icon">
                  <path d="M216 0H296C309.3 0 320 10.7 320 24V192H407.7C425.5 192 434.4 213.5 421.8 226.1L269.7 378.3C262.2 385.8 249.9 385.8 242.4 378.3L90.1 226.1C77.5 213.5 86.4 192 104.2 192H192V24C192 10.7 202.7 0 216 0zM512 376V488C512 501.3 501.3 512 488 512H24C10.7 512 0 501.3 0 488V376C0 362.7 10.7 352 24 352H170.7L219.7 401C239.8 421.1 272.2 421.1 292.3 401L341.3 352H488C501.3 352 512 362.7 512 376zM388 464C388 453 379 444 368 444S348 453 348 464 357 484 368 484 388 475 388 464zM452 464C452 453 443 444 432 444S412 453 412 464 421 484 432 484 452 475 452 464z"></path>
                  <!---->
                </svg>
              </a>
            </td>
          </tr>
          <!---->
          <tr>
            <td class="cursorable">06.12.2018</td>
            <td>Laborum</td>
            <td>
              <a href="/down/1.pdf">
                <svg version="1.1" role="presentation" width="16" height="16" viewBox="0 0 512 512" class="fa-icon">
                  <path d="M216 0H296C309.3 0 320 10.7 320 24V192H407.7C425.5 192 434.4 213.5 421.8 226.1L269.7 378.3C262.2 385.8 249.9 385.8 242.4 378.3L90.1 226.1C77.5 213.5 86.4 192 104.2 192H192V24C192 10.7 202.7 0 216 0zM512 376V488C512 501.3 501.3 512 488 512H24C10.7 512 0 501.3 0 488V376C0 362.7 10.7 352 24 352H170.7L219.7 401C239.8 421.1 272.2 421.1 292.3 401L341.3 352H488C501.3 352 512 362.7 512 376zM388 464C388 453 379 444 368 444S348 453 348 464 357 484 368 484 388 475 388 464zM452 464C452 453 443 444 432 444S412 453 412 464 421 484 432 484 452 475 452 464z"></path>
                  <!---->
                </svg>
              </a>
            </td>
          </tr>
          <!---->
        </tbody>
      </table>
    </div>
    <div class="VuePagination">
      <p class="VuePagination__count">9 records</p>
    </div>
  </div>
</div>
`;

exports[`Scans.vue has same html structure 1`] = `
<div class="comp_container">
  <h2 class="h2s">Preview your scans.</h2>
  <div class="VueTables VueTables--client">
    <div class="row">
      <div class="col-md-12">
        <div class="form-group form-inline pull-left VueTables__search"></div>
        <div class="form-group form-inline pull-right VueTables__limit"></div>
        <div class="VueTables__pagination-wrapper">
          <div class="form-group form-inline pull-right VueTables__dropdown-pagination" style="display:none;">
            <label for="VueTables__dropdown-pagination_IQ3mi">Page:</label>
            <select name="page" id="VueTables__dropdown-pagination_IQ3mi" value="1" class="form-control dropdown-pagination" style="display:none;"></select>
          </div>
        </div>
      </div>
    </div>
    <div class="table-responsive">
      <table class="VueTables__table table table-striped table-bordered table-hover">
        <thead>
          <tr>
            <th class="VueTables__sortable cursorable"><span title="" class="VueTables__heading">Date</span><span class="VueTables__sort-icon pull-right glyphicon glyphicon-sort "></span></th>
            <th><span title="" class="VueTables__heading">Scan</span></th>
            <th><span title="" class="VueTables__heading">Download</span></th>
          </tr>
          <tr class="VueTables__filters-row">
            <th class="cursorable">
              <div class="VueTables__date-filter-wrapper"></div>
            </th>
            <th>
              <div class="VueTables__scan-filter-wrapper">
                <input name="vf__scan" type="text" placeholder="Filter by Scan" value="" class="form-control">
              </div>
            </th>
            <th>
              <div class="VueTables__download-filter-wrapper"></div>
            </th>
          </tr>
        </thead>
        <tbody>
          <tr>
            <td class="cursorable">30.05.2018</td>
            <td>Laborum</td>
            <td>
              <a href="/down/1.pdf">
                <svg version="1.1" role="presentation" width="16" height="16" viewBox="0 0 512 512" class="fa-icon">
                  <path d="M216 0H296C309.3 0 320 10.7 320 24V192H407.7C425.5 192 434.4 213.5 421.8 226.1L269.7 378.3C262.2 385.8 249.9 385.8 242.4 378.3L90.1 226.1C77.5 213.5 86.4 192 104.2 192H192V24C192 10.7 202.7 0 216 0zM512 376V488C512 501.3 501.3 512 488 512H24C10.7 512 0 501.3 0 488V376C0 362.7 10.7 352 24 352H170.7L219.7 401C239.8 421.1 272.2 421.1 292.3 401L341.3 352H488C501.3 352 512 362.7 512 376zM388 464C388 453 379 444 368 444S348 453 348 464 357 484 368 484 388 475 388 464zM452 464C452 453 443 444 432 444S412 453 412 464 421 484 432 484 452 475 452 464z"></path>
                  <!---->
                </svg>
              </a>
            </td>
          </tr>
          <!---->
          <tr>
            <td class="cursorable">30.05.2018</td>
            <td>Laborum</td>
            <td>
              <a href="/down/1.pdf">
                <svg version="1.1" role="presentation" width="16" height="16" viewBox="0 0 512 512" class="fa-icon">
                  <path d="M216 0H296C309.3 0 320 10.7 320 24V192H407.7C425.5 192 434.4 213.5 421.8 226.1L269.7 378.3C262.2 385.8 249.9 385.8 242.4 378.3L90.1 226.1C77.5 213.5 86.4 192 104.2 192H192V24C192 10.7 202.7 0 216 0zM512 376V488C512 501.3 501.3 512 488 512H24C10.7 512 0 501.3 0 488V376C0 362.7 10.7 352 24 352H170.7L219.7 401C239.8 421.1 272.2 421.1 292.3 401L341.3 352H488C501.3 352 512 362.7 512 376zM388 464C388 453 379 444 368 444S348 453 348 464 357 484 368 484 388 475 388 464zM452 464C452 453 443 444 432 444S412 453 412 464 421 484 432 484 452 475 452 464z"></path>
                  <!---->
                </svg>
              </a>
            </td>
          </tr>
          <!---->
          <tr>
            <td class="cursorable">30.05.2018</td>
            <td>Qui</td>
            <td>
              <a href="/down/1.pdf">
                <svg version="1.1" role="presentation" width="16" height="16" viewBox="0 0 512 512" class="fa-icon">
                  <path d="M216 0H296C309.3 0 320 10.7 320 24V192H407.7C425.5 192 434.4 213.5 421.8 226.1L269.7 378.3C262.2 385.8 249.9 385.8 242.4 378.3L90.1 226.1C77.5 213.5 86.4 192 104.2 192H192V24C192 10.7 202.7 0 216 0zM512 376V488C512 501.3 501.3 512 488 512H24C10.7 512 0 501.3 0 488V376C0 362.7 10.7 352 24 352H170.7L219.7 401C239.8 421.1 272.2 421.1 292.3 401L341.3 352H488C501.3 352 512 362.7 512 376zM388 464C388 453 379 444 368 444S348 453 348 464 357 484 368 484 388 475 388 464zM452 464C452 453 443 444 432 444S412 453 412 464 421 484 432 484 452 475 452 464z"></path>
                  <!---->
                </svg>
              </a>
            </td>
          </tr>
          <!---->
          <tr>
            <td class="cursorable">30.05.2018</td>
            <td>Cillum</td>
            <td>
              <a href="/down/1.pdf">
                <svg version="1.1" role="presentation" width="16" height="16" viewBox="0 0 512 512" class="fa-icon">
                  <path d="M216 0H296C309.3 0 320 10.7 320 24V192H407.7C425.5 192 434.4 213.5 421.8 226.1L269.7 378.3C262.2 385.8 249.9 385.8 242.4 378.3L90.1 226.1C77.5 213.5 86.4 192 104.2 192H192V24C192 10.7 202.7 0 216 0zM512 376V488C512 501.3 501.3 512 488 512H24C10.7 512 0 501.3 0 488V376C0 362.7 10.7 352 24 352H170.7L219.7 401C239.8 421.1 272.2 421.1 292.3 401L341.3 352H488C501.3 352 512 362.7 512 376zM388 464C388 453 379 444 368 444S348 453 348 464 357 484 368 484 388 475 388 464zM452 464C452 453 443 444 432 444S412 453 412 464 421 484 432 484 452 475 452 464z"></path>
                  <!---->
                </svg>
              </a>
            </td>
          </tr>
          <!---->
          <tr>
            <td class="cursorable">30.05.2018</td>
            <td>Fugiat</td>
            <td>
              <a href="/down/1.pdf">
                <svg version="1.1" role="presentation" width="16" height="16" viewBox="0 0 512 512" class="fa-icon">
                  <path d="M216 0H296C309.3 0 320 10.7 320 24V192H407.7C425.5 192 434.4 213.5 421.8 226.1L269.7 378.3C262.2 385.8 249.9 385.8 242.4 378.3L90.1 226.1C77.5 213.5 86.4 192 104.2 192H192V24C192 10.7 202.7 0 216 0zM512 376V488C512 501.3 501.3 512 488 512H24C10.7 512 0 501.3 0 488V376C0 362.7 10.7 352 24 352H170.7L219.7 401C239.8 421.1 272.2 421.1 292.3 401L341.3 352H488C501.3 352 512 362.7 512 376zM388 464C388 453 379 444 368 444S348 453 348 464 357 484 368 484 388 475 388 464zM452 464C452 453 443 444 432 444S412 453 412 464 421 484 432 484 452 475 452 464z"></path>
                  <!---->
                </svg>
              </a>
            </td>
          </tr>
          <!---->
          <tr>
            <td class="cursorable">03.12.2018</td>
            <td>Lorem</td>
            <td>
              <a href="/down/1.pdf">
                <svg version="1.1" role="presentation" width="16" height="16" viewBox="0 0 512 512" class="fa-icon">
                  <path d="M216 0H296C309.3 0 320 10.7 320 24V192H407.7C425.5 192 434.4 213.5 421.8 226.1L269.7 378.3C262.2 385.8 249.9 385.8 242.4 378.3L90.1 226.1C77.5 213.5 86.4 192 104.2 192H192V24C192 10.7 202.7 0 216 0zM512 376V488C512 501.3 501.3 512 488 512H24C10.7 512 0 501.3 0 488V376C0 362.7 10.7 352 24 352H170.7L219.7 401C239.8 421.1 272.2 421.1 292.3 401L341.3 352H488C501.3 352 512 362.7 512 376zM388 464C388 453 379 444 368 444S348 453 348 464 357 484 368 484 388 475 388 464zM452 464C452 453 443 444 432 444S412 453 412 464 421 484 432 484 452 475 452 464z"></path>
                  <!---->
                </svg>
              </a>
            </td>
          </tr>
          <!---->
          <tr>
            <td class="cursorable">04.12.2018</td>
            <td>Pariatur</td>
            <td>
              <a href="/down/1.pdf">
                <svg version="1.1" role="presentation" width="16" height="16" viewBox="0 0 512 512" class="fa-icon">
                  <path d="M216 0H296C309.3 0 320 10.7 320 24V192H407.7C425.5 192 434.4 213.5 421.8 226.1L269.7 378.3C262.2 385.8 249.9 385.8 242.4 378.3L90.1 226.1C77.5 213.5 86.4 192 104.2 192H192V24C192 10.7 202.7 0 216 0zM512 376V488C512 501.3 501.3 512 488 512H24C10.7 512 0 501.3 0 488V376C0 362.7 10.7 352 24 352H170.7L219.7 401C239.8 421.1 272.2 421.1 292.3 401L341.3 352H488C501.3 352 512 362.7 512 376zM388 464C388 453 379 444 368 444S348 453 348 464 357 484 368 484 388 475 388 464zM452 464C452 453 443 444 432 444S412 453 412 464 421 484 432 484 452 475 452 464z"></path>
                  <!---->
                </svg>
              </a>
            </td>
          </tr>
          <!---->
          <tr>
            <td class="cursorable">05.12.2018</td>
            <td>Irure</td>
            <td>
              <a href="/down/1.pdf">
                <svg version="1.1" role="presentation" width="16" height="16" viewBox="0 0 512 512" class="fa-icon">
                  <path d="M216 0H296C309.3 0 320 10.7 320 24V192H407.7C425.5 192 434.4 213.5 421.8 226.1L269.7 378.3C262.2 385.8 249.9 385.8 242.4 378.3L90.1 226.1C77.5 213.5 86.4 192 104.2 192H192V24C192 10.7 202.7 0 216 0zM512 376V488C512 501.3 501.3 512 488 512H24C10.7 512 0 501.3 0 488V376C0 362.7 10.7 352 24 352H170.7L219.7 401C239.8 421.1 272.2 421.1 292.3 401L341.3 352H488C501.3 352 512 362.7 512 376zM388 464C388 453 379 444 368 444S348 453 348 464 357 484 368 484 388 475 388 464zM452 464C452 453 443 444 432 444S412 453 412 464 421 484 432 484 452 475 452 464z"></path>
                  <!---->
                </svg>
              </a>
            </td>
          </tr>
          <!---->
          <tr>
            <td class="cursorable">06.12.2018</td>
            <td>Laborum</td>
            <td>
              <a href="/down/1.pdf">
                <svg version="1.1" role="presentation" width="16" height="16" viewBox="0 0 512 512" class="fa-icon">
                  <path d="M216 0H296C309.3 0 320 10.7 320 24V192H407.7C425.5 192 434.4 213.5 421.8 226.1L269.7 378.3C262.2 385.8 249.9 385.8 242.4 378.3L90.1 226.1C77.5 213.5 86.4 192 104.2 192H192V24C192 10.7 202.7 0 216 0zM512 376V488C512 501.3 501.3 512 488 512H24C10.7 512 0 501.3 0 488V376C0 362.7 10.7 352 24 352H170.7L219.7 401C239.8 421.1 272.2 421.1 292.3 401L341.3 352H488C501.3 352 512 362.7 512 376zM388 464C388 453 379 444 368 444S348 453 348 464 357 484 368 484 388 475 388 464zM452 464C452 453 443 444 432 444S412 453 412 464 421 484 432 484 452 475 452 464z"></path>
                  <!---->
                </svg>
              </a>
            </td>
          </tr>
          <!---->
        </tbody>
      </table>
    </div>
    <div class="VuePagination">
      <p class="VuePagination__count">9 records</p>
    </div>
  </div>
</div>
`;
